// Jest Snapshot v1, https://goo.gl/fbAQLP

exports[`App Should be able to render 1`] = `ShallowWrapper {}`;
